
C:\Users\HP\Desktop\DEV-APPS\jdktechnologiesaz-master\src\components\AgentFloat.jsx
  2:10  error  'motion' is defined but never used. Allowed unused vars must match /^[A-Z_]/u  no-unused-vars

C:\Users\HP\Desktop\DEV-APPS\jdktechnologiesaz-master\src\components\Button.jsx
  1:38  error  'Comp' is assigned a value but never used  no-unused-vars

C:\Users\HP\Desktop\DEV-APPS\jdktechnologiesaz-master\src\components\CookieBanner.jsx
  9:17  error  Error: Calling setState synchronously within an effect can trigger cascading renders

Effects are intended to synchronize state between React and external systems such as manually updating the DOM, state management libraries, or other platform APIs. In general, the body of an effect should do one or both of the following:
* Update external systems with the latest state from React.
* Subscribe for updates from some external system, calling setState in a callback function when external state changes.

Calling setState synchronously within an effect body causes cascading renders that can hurt performance, and is not recommended. (https://react.dev/learn/you-might-not-need-an-effect).

   7 |   useEffect(() => {
   8 |     const saved = localStorage.getItem("jdk_cookie_ok");
>  9 |     if (!saved) setShow(true);
     |                 ^^^^^^^ Avoid calling setState() directly within an effect
  10 |   }, []);
  11 |
  12 |   if (!show) return null;  react-hooks/set-state-in-effect

C:\Users\HP\Desktop\DEV-APPS\jdktechnologiesaz-master\src\components\Footer.jsx
  1:10  error  'motion' is defined but never used. Allowed unused vars must match /^[A-Z_]/u  no-unused-vars

C:\Users\HP\Desktop\DEV-APPS\jdktechnologiesaz-master\src\components\ImageBlock.jsx
  1:9  error  'motion' is defined but never used. Allowed unused vars must match /^[A-Z_]/u  no-unused-vars

C:\Users\HP\Desktop\DEV-APPS\jdktechnologiesaz-master\src\components\ImageSlot.jsx
  1:10  error  'motion' is defined but never used. Allowed unused vars must match /^[A-Z_]/u  no-unused-vars

C:\Users\HP\Desktop\DEV-APPS\jdktechnologiesaz-master\src\components\Navbar.jsx
   2:10  error  'motion' is defined but never used. Allowed unused vars must match /^[A-Z_]/u                                                                                                                                                                                                                                                                                                                                                                                                                                                                                                                                                                                                                                                                                                                                                                                                                                                                            no-unused-vars
  58:5   error  Error: Calling setState synchronously within an effect can trigger cascading renders

Effects are intended to synchronize state between React and external systems such as manually updating the DOM, state management libraries, or other platform APIs. In general, the body of an effect should do one or both of the following:
* Update external systems with the latest state from React.
* Subscribe for updates from some external system, calling setState in a callback function when external state changes.

Calling setState synchronously within an effect body causes cascading renders that can hurt performance, and is not recommended. (https://react.dev/learn/you-might-not-need-an-effect).

  56 |   // Close mobile menu on route change
  57 |   useEffect(() => {
> 58 |     setOpen(false);
     |     ^^^^^^^ Avoid calling setState() directly within an effect
  59 |   }, [location.pathname]);
  60 |
  61 |   return (  react-hooks/set-state-in-effect

C:\Users\HP\Desktop\DEV-APPS\jdktechnologiesaz-master\src\components\Reveal.jsx
  1:10  error  'motion' is defined but never used. Allowed unused vars must match /^[A-Z_]/u  no-unused-vars

C:\Users\HP\Desktop\DEV-APPS\jdktechnologiesaz-master\src\components\WhatsAppFloat.jsx
  2:10  error  'motion' is defined but never used. Allowed unused vars must match /^[A-Z_]/u  no-unused-vars

C:\Users\HP\Desktop\DEV-APPS\jdktechnologiesaz-master\src\sections\About.jsx
   1:10  error  'motion' is defined but never used. Allowed unused vars must match /^[A-Z_]/u  no-unused-vars
  18:30  error  'Icon' is defined but never used                                               no-unused-vars

C:\Users\HP\Desktop\DEV-APPS\jdktechnologiesaz-master\src\sections\CaseStudies.jsx
  2:10  error  'motion' is defined but never used. Allowed unused vars must match /^[A-Z_]/u  no-unused-vars

C:\Users\HP\Desktop\DEV-APPS\jdktechnologiesaz-master\src\sections\Contact.jsx
  3:10  error  'motion' is defined but never used. Allowed unused vars must match /^[A-Z_]/u  no-unused-vars

C:\Users\HP\Desktop\DEV-APPS\jdktechnologiesaz-master\src\sections\Customers.jsx
  2:10  error  'motion' is defined but never used. Allowed unused vars must match /^[A-Z_]/u  no-unused-vars

C:\Users\HP\Desktop\DEV-APPS\jdktechnologiesaz-master\src\sections\Hero.jsx
  3:10  error  'motion' is defined but never used. Allowed unused vars must match /^[A-Z_]/u  no-unused-vars

C:\Users\HP\Desktop\DEV-APPS\jdktechnologiesaz-master\src\sections\Methodology.jsx
  2:10  error  'motion' is defined but never used. Allowed unused vars must match /^[A-Z_]/u  no-unused-vars

C:\Users\HP\Desktop\DEV-APPS\jdktechnologiesaz-master\src\sections\Services.jsx
  2:10  error  'motion' is defined but never used. Allowed unused vars must match /^[A-Z_]/u  no-unused-vars

C:\Users\HP\Desktop\DEV-APPS\jdktechnologiesaz-master\src\sections\Specialties.jsx
   2:10  error  'motion' is defined but never used. Allowed unused vars must match /^[A-Z_]/u  no-unused-vars
  36:29  error  'idx' is defined but never used                                                no-unused-vars

Γ£û 20 problems (20 errors, 0 warnings)

